2026-09-28T04:23:03.6494942Z Current runner version: '2.337.0'
2026-09-28T04:23:03.6511457Z ##[group]Runner Image Provisioner
2026-09-28T04:23:03.6511999Z Hosted Compute Agent
2026-09-28T04:23:03.6512497Z Version: 20260828.587
2026-09-28T04:23:03.6512880Z Commit: abac92662cab4cc7352de4f9f9d2e2419aad9c29
2026-09-28T04:23:03.6513310Z Build Date: 2026-08-28T16:44:25Z
2026-09-28T04:23:03.6513767Z Worker ID: {3e4e1030-dc83-4bf5-9cfa-d1e5dc804f1b}
2026-09-28T04:23:03.6514185Z Azure Region: westus2
2026-09-28T04:23:03.6514542Z ##[endgroup]
2026-09-28T04:23:03.6515345Z ##[group]Operating System
2026-09-28T04:23:03.6515700Z Ubuntu
2026-09-28T04:23:03.6516346Z 24.04.5
2026-09-28T04:23:03.6516653Z LTS
2026-09-28T04:23:03.6516975Z ##[endgroup]
2026-09-28T04:23:03.6517359Z ##[group]Runner Image
2026-09-28T04:23:03.6517705Z Image: ubuntu-24.04
2026-09-28T04:23:03.6518096Z Version: 20260920.314.1
2026-09-28T04:23:03.6518865Z Included Software: https://github.com/actions/runner-images/blob/ubuntu24/20260920.314/images/ubuntu/Ubuntu2404-Readme.md
2026-09-28T04:23:03.6520005Z Image Release: https://github.com/actions/runner-images/releases/tag/ubuntu24%2F20260920.314
2026-09-28T04:23:03.6520551Z ##[endgroup]
2026-09-28T04:23:03.6521263Z ##[group]GITHUB_TOKEN Permissions
2026-09-28T04:23:03.6522686Z Contents: read
2026-09-28T04:23:03.6523093Z Metadata: read
2026-09-28T04:23:03.6523439Z ##[endgroup]
2026-09-28T04:23:03.6524682Z Secret source: Actions
2026-09-28T04:23:03.6525342Z Cache mode: write
2026-09-28T04:23:03.6525738Z Prepare workflow directory
2026-09-28T04:23:03.6823117Z Prepare all required actions
2026-09-28T04:23:03.6852623Z Getting action download info
2026-09-28T04:23:04.0636104Z Download action repository 'actions/checkout@v4' (SHA:11d5960a326750d5838078e36cf38b85af677262)
2026-09-28T04:23:04.4171603Z Download action repository 'actions/download-artifact@v4' (SHA:d3f86a106a0bac45b974a628896c90dbdf5c8093)
2026-09-28T04:23:04.7469720Z Download action repository 'google-github-actions/auth@v3' (SHA:7c6bc770dae815cd3e89ee6cdf493a5fab2cc093)
2026-09-28T04:23:04.9230777Z Download action repository 'google-github-actions/setup-gcloud@v3' (SHA:aa5489c8933f4cc7a4f7d45035b3b1440c9c10db)
2026-09-28T04:23:05.0773117Z Download action repository 'actions/upload-artifact@v4' (SHA:ea165f8d65b6e75b540449e92b4886f43607fa02)
2026-09-28T04:23:05.5122828Z Complete job name: physical
2026-09-28T04:23:05.5611048Z ##[group]Run actions/checkout@v4
2026-09-28T04:23:05.5611566Z with:
2026-09-28T04:23:05.5611881Z   ref: 2626153bbe54a44812280b52a00b18e8202076f8
2026-09-28T04:23:05.5612382Z   repository: zjjxwpstcnsm-gif/sanguo11-mobile
2026-09-28T04:23:05.5616861Z   token: ***
2026-09-28T04:23:05.5617143Z   ssh-strict: true
2026-09-28T04:23:05.5617431Z   ssh-user: git
2026-09-28T04:23:05.5617734Z   persist-credentials: true
2026-09-28T04:23:05.5618078Z   clean: true
2026-09-28T04:23:05.5618397Z   sparse-checkout-cone-mode: true
2026-09-28T04:23:05.5618780Z   fetch-depth: 1
2026-09-28T04:23:05.5619075Z   fetch-tags: false
2026-09-28T04:23:05.5619578Z   show-progress: true
2026-09-28T04:23:05.5619911Z   lfs: false
2026-09-28T04:23:05.5620186Z   submodules: false
2026-09-28T04:23:05.5620492Z   set-safe-directory: true
2026-09-28T04:23:05.5620856Z   allow-unsafe-pr-checkout: false
2026-09-28T04:23:05.5621311Z env:
2026-09-28T04:23:05.5621580Z   FIREBASE_PROJECT_ID: sanguo11
2026-09-28T04:23:05.5622277Z ##[endgroup]
2026-09-28T04:23:05.6273026Z Syncing repository: zjjxwpstcnsm-gif/sanguo11-mobile
2026-09-28T04:23:05.6274834Z ##[group]Getting Git version info
2026-09-28T04:23:05.6275758Z Working directory is '/home/runner/work/sanguo11-mobile/sanguo11-mobile'
2026-09-28T04:23:05.6277116Z [command]/usr/bin/git version
2026-09-28T04:23:05.6853559Z git version 2.55.0
2026-09-28T04:23:05.6867320Z ##[endgroup]
2026-09-28T04:23:05.6878577Z Temporarily overriding HOME='/home/runner/work/_temp/525d188a-0aed-4a4a-ab4d-e3d13a14d1e8' before making global git config changes
2026-09-28T04:23:05.6880253Z Adding repository directory to the temporary git global config as a safe directory
2026-09-28T04:23:05.6882016Z [command]/usr/bin/git config --global --add safe.directory /home/runner/work/sanguo11-mobile/sanguo11-mobile
2026-09-28T04:23:05.6928376Z Deleting the contents of '/home/runner/work/sanguo11-mobile/sanguo11-mobile'
2026-09-28T04:23:05.6930908Z ##[group]Initializing the repository
2026-09-28T04:23:05.6933498Z [command]/usr/bin/git init /home/runner/work/sanguo11-mobile/sanguo11-mobile
2026-09-28T04:23:05.8381241Z hint: Using 'master' as the name for the initial branch. This default branch name
2026-09-28T04:23:05.8382611Z hint: will change to "main" in Git 3.0. To configure the initial branch name
2026-09-28T04:23:05.8383525Z hint: to use in all of your new repositories, which will suppress this warning,
2026-09-28T04:23:05.8384124Z hint: call:
2026-09-28T04:23:05.8384406Z hint:
2026-09-28T04:23:05.8384797Z hint: 	git config --global init.defaultBranch <name>
2026-09-28T04:23:05.8385275Z hint:
2026-09-28T04:23:05.8385888Z hint: Names commonly chosen instead of 'master' are 'main', 'trunk' and
2026-09-28T04:23:05.8387107Z hint: 'development'. The just-created branch can be renamed via this command:
2026-09-28T04:23:05.8388075Z hint:
2026-09-28T04:23:05.8388445Z hint: 	git branch -m <name>
2026-09-28T04:23:05.8388784Z hint:
2026-09-28T04:23:05.8389501Z hint: Disable this message with "git config set advice.defaultBranchName false"
2026-09-28T04:23:05.8390897Z Initialized empty Git repository in /home/runner/work/sanguo11-mobile/sanguo11-mobile/.git/
2026-09-28T04:23:05.8392561Z [command]/usr/bin/git remote add origin https://github.com/zjjxwpstcnsm-gif/sanguo11-mobile
2026-09-28T04:23:05.8441828Z ##[endgroup]
2026-09-28T04:23:05.8508326Z ##[group]Disabling automatic garbage collection
2026-09-28T04:23:05.8509393Z [command]/usr/bin/git config --local gc.auto 0
2026-09-28T04:23:05.8515851Z ##[endgroup]
2026-09-28T04:23:05.8516546Z ##[group]Setting up auth
2026-09-28T04:23:05.8517491Z [command]/usr/bin/git config --local --name-only --get-regexp core\.sshCommand
2026-09-28T04:23:05.8520322Z [command]/usr/bin/git submodule foreach --recursive sh -c "git config --local --name-only --get-regexp 'core\.sshCommand' && git config --local --unset-all 'core.sshCommand' || :"
2026-09-28T04:23:05.9040449Z [command]/usr/bin/git config --local --name-only --get-regexp http\.https\:\/\/github\.com\/\.extraheader
2026-09-28T04:23:05.9067306Z [command]/usr/bin/git submodule foreach --recursive sh -c "git config --local --name-only --get-regexp 'http\.https\:\/\/github\.com\/\.extraheader' && git config --local --unset-all 'http.https://github.com/.extraheader' || :"
2026-09-28T04:23:05.9235217Z [command]/usr/bin/git config --local --name-only --get-regexp ^includeIf\.gitdir:
2026-09-28T04:23:05.9263285Z [command]/usr/bin/git submodule foreach --recursive git config --local --show-origin --name-only --get-regexp remote.origin.url
2026-09-28T04:23:05.9427998Z [command]/usr/bin/git config --local http.https://github.com/.extraheader AUTHORIZATION: basic ***
2026-09-28T04:23:05.9459047Z ##[endgroup]
2026-09-28T04:23:05.9460111Z ##[group]Fetching the repository
2026-09-28T04:23:05.9466207Z [command]/usr/bin/git -c protocol.version=2 fetch --no-tags --prune --no-recurse-submodules --depth=1 origin 2626153bbe54a44812280b52a00b18e8202076f8
2026-09-28T04:23:07.4867008Z From https://github.com/zjjxwpstcnsm-gif/sanguo11-mobile
2026-09-28T04:23:07.4868387Z  * branch            2626153bbe54a44812280b52a00b18e8202076f8 -> FETCH_HEAD
2026-09-28T04:23:07.4870378Z ##[endgroup]
2026-09-28T04:23:07.4870739Z ##[group]Determining the checkout info
2026-09-28T04:23:07.4871620Z ##[endgroup]
2026-09-28T04:23:07.4876380Z [command]/usr/bin/git sparse-checkout disable
2026-09-28T04:23:07.4931459Z [command]/usr/bin/git config --local --unset-all extensions.worktreeConfig
2026-09-28T04:23:07.4962265Z ##[group]Checking out the ref
2026-09-28T04:23:07.4964308Z [command]/usr/bin/git checkout --progress --force 2626153bbe54a44812280b52a00b18e8202076f8
2026-09-28T04:23:07.6574407Z Note: switching to '2626153bbe54a44812280b52a00b18e8202076f8'.
2026-09-28T04:23:07.6575327Z 
2026-09-28T04:23:07.6575546Z You are in 'detached HEAD' state. You can look around, make experimental
2026-09-28T04:23:07.6576003Z changes and commit them, and you can discard any commits you make in this
2026-09-28T04:23:07.6576434Z state without impacting any branches by switching back to a branch.
2026-09-28T04:23:07.6576717Z 
2026-09-28T04:23:07.6576996Z If you want to create a new branch to retain commits you create, you may
2026-09-28T04:23:07.6577420Z do so (now or later) by using -c with the switch command. Example:
2026-09-28T04:23:07.6577640Z 
2026-09-28T04:23:07.6577763Z   git switch -c <new-branch-name>
2026-09-28T04:23:07.6577928Z 
2026-09-28T04:23:07.6578046Z Or undo this operation with:
2026-09-28T04:23:07.6578212Z 
2026-09-28T04:23:07.6578309Z   git switch -
2026-09-28T04:23:07.6578458Z 
2026-09-28T04:23:07.6578885Z Turn off this advice by setting config variable advice.detachedHead to false
2026-09-28T04:23:07.6579322Z 
2026-09-28T04:23:07.6579523Z HEAD is now at 2626153 native-pc/R16: report the effective mesh upload budget
2026-09-28T04:23:07.6596450Z ##[endgroup]
2026-09-28T04:23:07.6639762Z [command]/usr/bin/git log -1 --format=%H
2026-09-28T04:23:07.6661727Z 2626153bbe54a44812280b52a00b18e8202076f8
2026-09-28T04:23:07.6826882Z ##[group]Run actions/download-artifact@v4
2026-09-28T04:23:07.6827078Z with:
2026-09-28T04:23:07.6827229Z   name: native-r15-build
2026-09-28T04:23:07.6827387Z   path: out/r15/
2026-09-28T04:23:07.6827536Z   merge-multiple: false
2026-09-28T04:23:07.6827714Z   repository: zjjxwpstcnsm-gif/sanguo11-mobile
2026-09-28T04:23:07.6827903Z   run-id: 36376973385
2026-09-28T04:23:07.6828072Z env:
2026-09-28T04:23:07.6828215Z   FIREBASE_PROJECT_ID: sanguo11
2026-09-28T04:23:07.6828380Z ##[endgroup]
2026-09-28T04:23:07.7726556Z Downloading single artifact
2026-09-28T04:23:07.7821940Z (node:2023) [DEP0040] DeprecationWarning: The `punycode` module is deprecated. Please use a userland alternative instead.
2026-09-28T04:23:07.7822640Z (Use `node --trace-deprecation ...` to show where the warning was created)
2026-09-28T04:23:08.0461442Z Preparing to download the following artifacts:
2026-09-28T04:23:08.0462092Z - native-r15-build (ID: 10951087007, Size: 32123472, Expected Digest: sha256:eed153bbda6370d3c9762a0e704ab3cb963ef5ea0e56ab30e21ca7fcaff96e21)
2026-09-28T04:23:08.2719324Z Redirecting to blob download url: https://productionresultssa7.blob.core.windows.net/actions-results/56a48ffb-72de-485b-b6db-887700a740af/workflow-job-run-61af7390-c081-5f2c-b030-75f826f7364f/artifacts/3dec9dc4553a14eca4d3f36b51cef3c67a406921ee4962a98699b6920e30a38e.zip
2026-09-28T04:23:08.2720363Z Starting download of artifact to: /home/runner/work/sanguo11-mobile/sanguo11-mobile/out/r15
2026-09-28T04:23:08.6010301Z (node:2023) [DEP0005] DeprecationWarning: Buffer() is deprecated due to security and usability issues. Please use the Buffer.alloc(), Buffer.allocUnsafe(), or Buffer.from() methods instead.
2026-09-28T04:23:10.3398449Z SHA256 digest of downloaded artifact is eed153bbda6370d3c9762a0e704ab3cb963ef5ea0e56ab30e21ca7fcaff96e21
2026-09-28T04:23:10.3398960Z Artifact download completed successfully.
2026-09-28T04:23:10.3399321Z Total of 1 artifact(s) downloaded
2026-09-28T04:23:10.3419815Z Download artifact has finished successfully
2026-09-28T04:23:10.3565280Z ##[group]Run google-github-actions/auth@v3
2026-09-28T04:23:10.3565443Z with:
2026-09-28T04:23:10.3565554Z   project_id: sanguo11
2026-09-28T04:23:10.3565847Z   workload_identity_provider: projects/322962089013/locations/global/workloadIdentityPools/github-test-lab/providers/sanguo
2026-09-28T04:23:10.3566193Z   service_account: github-test-lab@sanguo11.iam.gserviceaccount.com
2026-09-28T04:23:10.3566389Z   create_credentials_file: true
2026-09-28T04:23:10.3566532Z   export_environment_variables: true
2026-09-28T04:23:10.3566677Z   universe: googleapis.com
2026-09-28T04:23:10.3566809Z   cleanup_credentials: true
2026-09-28T04:23:10.3566942Z   access_token_lifetime: 3600s
2026-09-28T04:23:10.3567131Z   access_token_scopes: https://www.googleapis.com/auth/cloud-platform
2026-09-28T04:23:10.3567457Z   id_token_include_email: false
2026-09-28T04:23:10.3567583Z env:
2026-09-28T04:23:10.3567690Z   FIREBASE_PROJECT_ID: sanguo11
2026-09-28T04:23:10.3567818Z ##[endgroup]
2026-09-28T04:23:10.7278601Z Created credentials file at "/home/runner/work/sanguo11-mobile/sanguo11-mobile/gha-creds-9c03a9c51c207d5d.json"
2026-09-28T04:23:10.8566452Z ##[error]google-github-actions/auth failed with: failed to generate Google Cloud federated token for //iam.googleapis.com/projects/322962089013/locations/global/workloadIdentityPools/github-test-lab/providers/sanguo: {"error":"unauthorized_client","error_description":"The given credential is rejected by the attribute condition."}
2026-09-28T04:23:10.8643769Z ##[group]Run mkdir -p out/r15-physical/raw
2026-09-28T04:23:10.8643995Z [36;1mmkdir -p out/r15-physical/raw[0m
2026-09-28T04:23:10.8644501Z [36;1mif test -f out/r15-physical/gcloud.log; then gcloud storage cp --recursive "gs://test-lab-aa4a2056a57tx-i9q99na06ix40/native-r15/${GITHUB_RUN_ID}-${GITHUB_RUN_ATTEMPT}/" out/r15-physical/raw > out/r15-physical/collection.log 2>&1; fi[0m
2026-09-28T04:23:10.9584003Z shell: /usr/bin/bash -e {0}
2026-09-28T04:23:10.9584155Z env:
2026-09-28T04:23:10.9584274Z   FIREBASE_PROJECT_ID: sanguo11
2026-09-28T04:23:10.9584574Z   CLOUDSDK_AUTH_CREDENTIAL_FILE_OVERRIDE: /home/runner/work/sanguo11-mobile/sanguo11-mobile/gha-creds-9c03a9c51c207d5d.json
2026-09-28T04:23:10.9584991Z   GOOGLE_APPLICATION_CREDENTIALS: /home/runner/work/sanguo11-mobile/sanguo11-mobile/gha-creds-9c03a9c51c207d5d.json
2026-09-28T04:23:10.9585363Z   GOOGLE_GHA_CREDS_PATH: /home/runner/work/sanguo11-mobile/sanguo11-mobile/gha-creds-9c03a9c51c207d5d.json
2026-09-28T04:23:10.9585650Z   CLOUDSDK_CORE_PROJECT: sanguo11
2026-09-28T04:23:10.9585797Z   CLOUDSDK_PROJECT: sanguo11
2026-09-28T04:23:10.9585931Z   GCLOUD_PROJECT: sanguo11
2026-09-28T04:23:10.9586059Z   GCP_PROJECT: sanguo11
2026-09-28T04:23:10.9586188Z   GOOGLE_CLOUD_PROJECT: sanguo11
2026-09-28T04:23:10.9586327Z ##[endgroup]
2026-09-28T04:23:10.9703744Z ##[group]Run actions/upload-artifact@v4
2026-09-28T04:23:10.9703896Z with:
2026-09-28T04:23:10.9704009Z   name: native-r15-physical
2026-09-28T04:23:10.9704170Z   path: out/firebase-preflight/
out/r15-physical/

2026-09-28T04:23:10.9704331Z   retention-days: 30
2026-09-28T04:23:10.9704453Z   if-no-files-found: warn
2026-09-28T04:23:10.9704584Z   compression-level: 6
2026-09-28T04:23:10.9704701Z   overwrite: false
2026-09-28T04:23:10.9704819Z   include-hidden-files: false
2026-09-28T04:23:10.9704947Z env:
2026-09-28T04:23:10.9705056Z   FIREBASE_PROJECT_ID: sanguo11
2026-09-28T04:23:10.9705334Z   CLOUDSDK_AUTH_CREDENTIAL_FILE_OVERRIDE: /home/runner/work/sanguo11-mobile/sanguo11-mobile/gha-creds-9c03a9c51c207d5d.json
2026-09-28T04:23:10.9705740Z   GOOGLE_APPLICATION_CREDENTIALS: /home/runner/work/sanguo11-mobile/sanguo11-mobile/gha-creds-9c03a9c51c207d5d.json
2026-09-28T04:23:10.9706128Z   GOOGLE_GHA_CREDS_PATH: /home/runner/work/sanguo11-mobile/sanguo11-mobile/gha-creds-9c03a9c51c207d5d.json
2026-09-28T04:23:10.9706385Z   CLOUDSDK_CORE_PROJECT: sanguo11
2026-09-28T04:23:10.9706526Z   CLOUDSDK_PROJECT: sanguo11
2026-09-28T04:23:10.9706659Z   GCLOUD_PROJECT: sanguo11
2026-09-28T04:23:10.9706784Z   GCP_PROJECT: sanguo11
2026-09-28T04:23:10.9706908Z   GOOGLE_CLOUD_PROJECT: sanguo11
2026-09-28T04:23:10.9707041Z ##[endgroup]
2026-09-28T04:23:11.0668684Z (node:2050) [DEP0040] DeprecationWarning: The `punycode` module is deprecated. Please use a userland alternative instead.
2026-09-28T04:23:11.0669640Z (Use `node --trace-deprecation ...` to show where the warning was created)
2026-09-28T04:23:11.0732117Z Multiple search paths detected. Calculating the least common ancestor of all paths
2026-09-28T04:23:11.0771777Z The least common ancestor is /home/runner/work/sanguo11-mobile/sanguo11-mobile/out. This will be the root directory of the artifact
2026-09-28T04:23:11.0776361Z ##[warning]No files were found with the provided path: out/firebase-preflight/
out/r15-physical/. No artifacts will be uploaded.
2026-09-28T04:23:11.0918333Z Post job cleanup.
2026-09-28T04:23:11.1468951Z Removed exported credentials at "/home/runner/work/sanguo11-mobile/sanguo11-mobile/gha-creds-9c03a9c51c207d5d.json".
2026-09-28T04:23:11.1577462Z Post job cleanup.
2026-09-28T04:23:11.2133599Z [command]/usr/bin/git version
2026-09-28T04:23:11.2192626Z git version 2.55.0
2026-09-28T04:23:11.2213996Z Temporarily overriding HOME='/home/runner/work/_temp/fbd3f963-7c9b-4761-866b-4da71220a7ff' before making global git config changes
2026-09-28T04:23:11.2214631Z Adding repository directory to the temporary git global config as a safe directory
2026-09-28T04:23:11.2217687Z [command]/usr/bin/git config --global --add safe.directory /home/runner/work/sanguo11-mobile/sanguo11-mobile
2026-09-28T04:23:11.2254004Z [command]/usr/bin/git config --local --name-only --get-regexp core\.sshCommand
2026-09-28T04:23:11.2281386Z [command]/usr/bin/git submodule foreach --recursive sh -c "git config --local --name-only --get-regexp 'core\.sshCommand' && git config --local --unset-all 'core.sshCommand' || :"
2026-09-28T04:23:11.2468413Z [command]/usr/bin/git config --local --name-only --get-regexp http\.https\:\/\/github\.com\/\.extraheader
2026-09-28T04:23:11.2492096Z http.https://github.com/.extraheader
2026-09-28T04:23:11.2500976Z [command]/usr/bin/git config --local --unset-all http.https://github.com/.extraheader
2026-09-28T04:23:11.2529716Z [command]/usr/bin/git submodule foreach --recursive sh -c "git config --local --name-only --get-regexp 'http\.https\:\/\/github\.com\/\.extraheader' && git config --local --unset-all 'http.https://github.com/.extraheader' || :"
2026-09-28T04:23:11.2712965Z [command]/usr/bin/git config --local --name-only --get-regexp ^includeIf\.gitdir:
2026-09-28T04:23:11.2741403Z [command]/usr/bin/git submodule foreach --recursive git config --local --show-origin --name-only --get-regexp remote.origin.url
2026-09-28T04:23:11.3011994Z Cleaning up orphan processes
2026-09-28T04:23:11.3213480Z ##[warning]Node.js 20 is deprecated. The following actions target Node.js 20 but are being forced to run on Node.js 24: actions/checkout@v4, actions/download-artifact@v4, actions/upload-artifact@v4. For more information see: https://github.blog/changelog/2025-09-19-deprecation-of-node-20-on-github-actions-runners/

