2026-09-28T04:09:48.9661931Z Current runner version: '2.337.0'
2026-09-28T04:09:48.9687472Z ##[group]Runner Image Provisioner
2026-09-28T04:09:48.9688944Z Hosted Compute Agent
2026-09-28T04:09:48.9689862Z Version: 20260828.587
2026-09-28T04:09:48.9691202Z Commit: abac92662cab4cc7352de4f9f9d2e2419aad9c29
2026-09-28T04:09:48.9692203Z Build Date: 2026-08-28T16:44:25Z
2026-09-28T04:09:48.9692903Z Worker ID: {cf3042fe-09f5-49da-b7d5-d424a30b2f4b}
2026-09-28T04:09:48.9693734Z Azure Region: westus
2026-09-28T04:09:48.9694343Z ##[endgroup]
2026-09-28T04:09:48.9696100Z ##[group]Operating System
2026-09-28T04:09:48.9696772Z Ubuntu
2026-09-28T04:09:48.9697292Z 24.04.5
2026-09-28T04:09:48.9698245Z LTS
2026-09-28T04:09:48.9698774Z ##[endgroup]
2026-09-28T04:09:48.9699314Z ##[group]Runner Image
2026-09-28T04:09:48.9699985Z Image: ubuntu-24.04
2026-09-28T04:09:48.9700560Z Version: 20260920.314.1
2026-09-28T04:09:48.9702326Z Included Software: https://github.com/actions/runner-images/blob/ubuntu24/20260920.314/images/ubuntu/Ubuntu2404-Readme.md
2026-09-28T04:09:48.9703903Z Image Release: https://github.com/actions/runner-images/releases/tag/ubuntu24%2F20260920.314
2026-09-28T04:09:48.9704938Z ##[endgroup]
2026-09-28T04:09:48.9706070Z ##[group]GITHUB_TOKEN Permissions
2026-09-28T04:09:48.9708270Z Contents: read
2026-09-28T04:09:48.9708913Z Metadata: read
2026-09-28T04:09:48.9709550Z ##[endgroup]
2026-09-28T04:09:48.9711931Z Secret source: Actions
2026-09-28T04:09:48.9712962Z Cache mode: write
2026-09-28T04:09:48.9713740Z Prepare workflow directory
2026-09-28T04:09:49.0262212Z Prepare all required actions
2026-09-28T04:09:49.0310109Z Getting action download info
2026-09-28T04:09:49.4008077Z Download action repository 'actions/checkout@v4' (SHA:11d5960a326750d5838078e36cf38b85af677262)
2026-09-28T04:09:49.5163444Z Download action repository 'actions/download-artifact@v4' (SHA:d3f86a106a0bac45b974a628896c90dbdf5c8093)
2026-09-28T04:09:49.9361497Z Download action repository 'google-github-actions/auth@v3' (SHA:7c6bc770dae815cd3e89ee6cdf493a5fab2cc093)
2026-09-28T04:09:50.2744612Z Download action repository 'google-github-actions/setup-gcloud@v3' (SHA:aa5489c8933f4cc7a4f7d45035b3b1440c9c10db)
2026-09-28T04:09:50.5922229Z Download action repository 'actions/upload-artifact@v4' (SHA:ea165f8d65b6e75b540449e92b4886f43607fa02)
2026-09-28T04:09:50.8198860Z Complete job name: physical
2026-09-28T04:09:50.9019689Z ##[group]Run actions/checkout@v4
2026-09-28T04:09:50.9020771Z with:
2026-09-28T04:09:50.9021578Z   ref: 2a9131661b42c60f1be4b4e1a18e9aff0faa3b11
2026-09-28T04:09:50.9022522Z   repository: zjjxwpstcnsm-gif/sanguo11-mobile
2026-09-28T04:09:50.9031597Z   token: ***
2026-09-28T04:09:50.9032145Z   ssh-strict: true
2026-09-28T04:09:50.9032692Z   ssh-user: git
2026-09-28T04:09:50.9033259Z   persist-credentials: true
2026-09-28T04:09:50.9033895Z   clean: true
2026-09-28T04:09:50.9034457Z   sparse-checkout-cone-mode: true
2026-09-28T04:09:50.9035169Z   fetch-depth: 1
2026-09-28T04:09:50.9035719Z   fetch-tags: false
2026-09-28T04:09:50.9036293Z   show-progress: true
2026-09-28T04:09:50.9036881Z   lfs: false
2026-09-28T04:09:50.9037387Z   submodules: false
2026-09-28T04:09:50.9037961Z   set-safe-directory: true
2026-09-28T04:09:50.9038636Z   allow-unsafe-pr-checkout: false
2026-09-28T04:09:50.9039615Z env:
2026-09-28T04:09:50.9040131Z   FIREBASE_PROJECT_ID: sanguo11
2026-09-28T04:09:50.9040844Z ##[endgroup]
2026-09-28T04:09:51.0114098Z Syncing repository: zjjxwpstcnsm-gif/sanguo11-mobile
2026-09-28T04:09:51.0117582Z ##[group]Getting Git version info
2026-09-28T04:09:51.0119467Z Working directory is '/home/runner/work/sanguo11-mobile/sanguo11-mobile'
2026-09-28T04:09:51.0122387Z [command]/usr/bin/git version
2026-09-28T04:09:51.0198548Z git version 2.55.0
2026-09-28T04:09:51.0223099Z ##[endgroup]
2026-09-28T04:09:51.0255392Z Temporarily overriding HOME='/home/runner/work/_temp/ddce8ea9-f5d8-4588-adf3-292990c83950' before making global git config changes
2026-09-28T04:09:51.0259887Z Adding repository directory to the temporary git global config as a safe directory
2026-09-28T04:09:51.0264927Z [command]/usr/bin/git config --global --add safe.directory /home/runner/work/sanguo11-mobile/sanguo11-mobile
2026-09-28T04:09:51.0322125Z Deleting the contents of '/home/runner/work/sanguo11-mobile/sanguo11-mobile'
2026-09-28T04:09:51.0325832Z ##[group]Initializing the repository
2026-09-28T04:09:51.0330047Z [command]/usr/bin/git init /home/runner/work/sanguo11-mobile/sanguo11-mobile
2026-09-28T04:09:51.0466027Z hint: Using 'master' as the name for the initial branch. This default branch name
2026-09-28T04:09:51.0468428Z hint: will change to "main" in Git 3.0. To configure the initial branch name
2026-09-28T04:09:51.0475273Z hint: to use in all of your new repositories, which will suppress this warning,
2026-09-28T04:09:51.0478473Z hint: call:
2026-09-28T04:09:51.0490881Z hint:
2026-09-28T04:09:51.0492755Z hint: 	git config --global init.defaultBranch <name>
2026-09-28T04:09:51.0494572Z hint:
2026-09-28T04:09:51.0496106Z hint: Names commonly chosen instead of 'master' are 'main', 'trunk' and
2026-09-28T04:09:51.0498776Z hint: 'development'. The just-created branch can be renamed via this command:
2026-09-28T04:09:51.0503481Z hint:
2026-09-28T04:09:51.0504540Z hint: 	git branch -m <name>
2026-09-28T04:09:51.0505720Z hint:
2026-09-28T04:09:51.0507437Z hint: Disable this message with "git config set advice.defaultBranchName false"
2026-09-28T04:09:51.0511220Z Initialized empty Git repository in /home/runner/work/sanguo11-mobile/sanguo11-mobile/.git/
2026-09-28T04:09:51.0516626Z [command]/usr/bin/git remote add origin https://github.com/zjjxwpstcnsm-gif/sanguo11-mobile
2026-09-28T04:09:51.0555604Z ##[endgroup]
2026-09-28T04:09:51.0557554Z ##[group]Disabling automatic garbage collection
2026-09-28T04:09:51.0560839Z [command]/usr/bin/git config --local gc.auto 0
2026-09-28T04:09:51.0608577Z ##[endgroup]
2026-09-28T04:09:51.0610503Z ##[group]Setting up auth
2026-09-28T04:09:51.0612796Z [command]/usr/bin/git config --local --name-only --get-regexp core\.sshCommand
2026-09-28T04:09:51.0648014Z [command]/usr/bin/git submodule foreach --recursive sh -c "git config --local --name-only --get-regexp 'core\.sshCommand' && git config --local --unset-all 'core.sshCommand' || :"
2026-09-28T04:09:51.1126933Z [command]/usr/bin/git config --local --name-only --get-regexp http\.https\:\/\/github\.com\/\.extraheader
2026-09-28T04:09:51.1169987Z [command]/usr/bin/git submodule foreach --recursive sh -c "git config --local --name-only --get-regexp 'http\.https\:\/\/github\.com\/\.extraheader' && git config --local --unset-all 'http.https://github.com/.extraheader' || :"
2026-09-28T04:09:51.1419027Z [command]/usr/bin/git config --local --name-only --get-regexp ^includeIf\.gitdir:
2026-09-28T04:09:51.1458409Z [command]/usr/bin/git submodule foreach --recursive git config --local --show-origin --name-only --get-regexp remote.origin.url
2026-09-28T04:09:51.1688170Z [command]/usr/bin/git config --local http.https://github.com/.extraheader AUTHORIZATION: basic ***
2026-09-28T04:09:51.1729513Z ##[endgroup]
2026-09-28T04:09:51.1730539Z ##[group]Fetching the repository
2026-09-28T04:09:51.1740168Z [command]/usr/bin/git -c protocol.version=2 fetch --no-tags --prune --no-recurse-submodules --depth=1 origin 2a9131661b42c60f1be4b4e1a18e9aff0faa3b11
2026-09-28T04:09:52.9355764Z From https://github.com/zjjxwpstcnsm-gif/sanguo11-mobile
2026-09-28T04:09:52.9358307Z  * branch            2a9131661b42c60f1be4b4e1a18e9aff0faa3b11 -> FETCH_HEAD
2026-09-28T04:09:52.9363020Z ##[endgroup]
2026-09-28T04:09:52.9364324Z ##[group]Determining the checkout info
2026-09-28T04:09:52.9365603Z ##[endgroup]
2026-09-28T04:09:52.9373770Z [command]/usr/bin/git sparse-checkout disable
2026-09-28T04:09:52.9442294Z [command]/usr/bin/git config --local --unset-all extensions.worktreeConfig
2026-09-28T04:09:52.9476043Z ##[group]Checking out the ref
2026-09-28T04:09:52.9480046Z [command]/usr/bin/git checkout --progress --force 2a9131661b42c60f1be4b4e1a18e9aff0faa3b11
2026-09-28T04:09:53.1842333Z Note: switching to '2a9131661b42c60f1be4b4e1a18e9aff0faa3b11'.
2026-09-28T04:09:53.1843353Z 
2026-09-28T04:09:53.1843800Z You are in 'detached HEAD' state. You can look around, make experimental
2026-09-28T04:09:53.1844733Z changes and commit them, and you can discard any commits you make in this
2026-09-28T04:09:53.1845734Z state without impacting any branches by switching back to a branch.
2026-09-28T04:09:53.1846332Z 
2026-09-28T04:09:53.1846754Z If you want to create a new branch to retain commits you create, you may
2026-09-28T04:09:53.1847626Z do so (now or later) by using -c with the switch command. Example:
2026-09-28T04:09:53.1848111Z 
2026-09-28T04:09:53.1848390Z   git switch -c <new-branch-name>
2026-09-28T04:09:53.1848608Z 
2026-09-28T04:09:53.1848748Z Or undo this operation with:
2026-09-28T04:09:53.1848953Z 
2026-09-28T04:09:53.1849070Z   git switch -
2026-09-28T04:09:53.1849253Z 
2026-09-28T04:09:53.1849505Z Turn off this advice by setting config variable advice.detachedHead to false
2026-09-28T04:09:53.1849881Z 
2026-09-28T04:09:53.1850219Z HEAD is now at 2a91316 native-pc/R16: bound terrain refresh, compact indices and thermal recovery
2026-09-28T04:09:53.1872909Z ##[endgroup]
2026-09-28T04:09:53.1923521Z [command]/usr/bin/git log -1 --format=%H
2026-09-28T04:09:53.1951922Z 2a9131661b42c60f1be4b4e1a18e9aff0faa3b11
2026-09-28T04:09:53.2190147Z ##[group]Run actions/download-artifact@v4
2026-09-28T04:09:53.2190539Z with:
2026-09-28T04:09:53.2190797Z   name: native-r15-build
2026-09-28T04:09:53.2191451Z   path: out/r15/
2026-09-28T04:09:53.2191731Z   merge-multiple: false
2026-09-28T04:09:53.2192079Z   repository: zjjxwpstcnsm-gif/sanguo11-mobile
2026-09-28T04:09:53.2192442Z   run-id: 36376251302
2026-09-28T04:09:53.2192724Z env:
2026-09-28T04:09:53.2192973Z   FIREBASE_PROJECT_ID: sanguo11
2026-09-28T04:09:53.2193271Z ##[endgroup]
2026-09-28T04:09:53.3728511Z Downloading single artifact
2026-09-28T04:09:53.3887201Z (node:2258) [DEP0040] DeprecationWarning: The `punycode` module is deprecated. Please use a userland alternative instead.
2026-09-28T04:09:53.3888418Z (Use `node --trace-deprecation ...` to show where the warning was created)
2026-09-28T04:09:53.6416508Z Preparing to download the following artifacts:
2026-09-28T04:09:53.6418215Z - native-r15-build (ID: 10950704462, Size: 32123871, Expected Digest: sha256:293d90e685ce28f61c8e8961fe1a2975ad4e8d294738a9c084efc19a10aefbc8)
2026-09-28T04:09:53.8889063Z Redirecting to blob download url: https://productionresultssa7.blob.core.windows.net/actions-results/19a206b1-e6ef-48a8-9eed-14b1d25fe072/workflow-job-run-08e44dbe-3169-5399-b9e6-f2ced7dee980/artifacts/3dec9dc4553a14eca4d3f36b51cef3c67a406921ee4962a98699b6920e30a38e.zip
2026-09-28T04:09:53.8891366Z Starting download of artifact to: /home/runner/work/sanguo11-mobile/sanguo11-mobile/out/r15
2026-09-28T04:09:54.2487693Z (node:2258) [DEP0005] DeprecationWarning: Buffer() is deprecated due to security and usability issues. Please use the Buffer.alloc(), Buffer.allocUnsafe(), or Buffer.from() methods instead.
2026-09-28T04:09:56.1386150Z SHA256 digest of downloaded artifact is 293d90e685ce28f61c8e8961fe1a2975ad4e8d294738a9c084efc19a10aefbc8
2026-09-28T04:09:56.1387463Z Artifact download completed successfully.
2026-09-28T04:09:56.1388124Z Total of 1 artifact(s) downloaded
2026-09-28T04:09:56.1394794Z Download artifact has finished successfully
2026-09-28T04:09:56.1616050Z ##[group]Run google-github-actions/auth@v3
2026-09-28T04:09:56.1616384Z with:
2026-09-28T04:09:56.1616604Z   project_id: sanguo11
2026-09-28T04:09:56.1617158Z   workload_identity_provider: projects/322962089013/locations/global/workloadIdentityPools/github-test-lab/providers/sanguo
2026-09-28T04:09:56.1617844Z   service_account: github-test-lab@sanguo11.iam.gserviceaccount.com
2026-09-28T04:09:56.1618235Z   create_credentials_file: true
2026-09-28T04:09:56.1618515Z   export_environment_variables: true
2026-09-28T04:09:56.1618800Z   universe: googleapis.com
2026-09-28T04:09:56.1619044Z   cleanup_credentials: true
2026-09-28T04:09:56.1619291Z   access_token_lifetime: 3600s
2026-09-28T04:09:56.1619650Z   access_token_scopes: https://www.googleapis.com/auth/cloud-platform
2026-09-28T04:09:56.1620278Z   id_token_include_email: false
2026-09-28T04:09:56.1620520Z env:
2026-09-28T04:09:56.1620724Z   FIREBASE_PROJECT_ID: sanguo11
2026-09-28T04:09:56.1621356Z ##[endgroup]
2026-09-28T04:09:56.5045660Z Created credentials file at "/home/runner/work/sanguo11-mobile/sanguo11-mobile/gha-creds-945d14e1aba214ea.json"
2026-09-28T04:09:56.6799195Z ##[error]google-github-actions/auth failed with: failed to generate Google Cloud federated token for //iam.googleapis.com/projects/322962089013/locations/global/workloadIdentityPools/github-test-lab/providers/sanguo: {"error":"unauthorized_client","error_description":"The given credential is rejected by the attribute condition."}
2026-09-28T04:09:56.6917657Z ##[group]Run mkdir -p out/r15-physical/raw
2026-09-28T04:09:56.6918072Z [36;1mmkdir -p out/r15-physical/raw[0m
2026-09-28T04:09:56.6919062Z [36;1mif test -f out/r15-physical/gcloud.log; then gcloud storage cp --recursive "gs://test-lab-aa4a2056a57tx-i9q99na06ix40/native-r15/${GITHUB_RUN_ID}-${GITHUB_RUN_ATTEMPT}/" out/r15-physical/raw > out/r15-physical/collection.log 2>&1; fi[0m
2026-09-28T04:09:56.7235481Z shell: /usr/bin/bash -e {0}
2026-09-28T04:09:56.7235845Z env:
2026-09-28T04:09:56.7236134Z   FIREBASE_PROJECT_ID: sanguo11
2026-09-28T04:09:56.7236960Z   CLOUDSDK_AUTH_CREDENTIAL_FILE_OVERRIDE: /home/runner/work/sanguo11-mobile/sanguo11-mobile/gha-creds-945d14e1aba214ea.json
2026-09-28T04:09:56.7238193Z   GOOGLE_APPLICATION_CREDENTIALS: /home/runner/work/sanguo11-mobile/sanguo11-mobile/gha-creds-945d14e1aba214ea.json
2026-09-28T04:09:56.7239301Z   GOOGLE_GHA_CREDS_PATH: /home/runner/work/sanguo11-mobile/sanguo11-mobile/gha-creds-945d14e1aba214ea.json
2026-09-28T04:09:56.7240097Z   CLOUDSDK_CORE_PROJECT: sanguo11
2026-09-28T04:09:56.7240479Z   CLOUDSDK_PROJECT: sanguo11
2026-09-28T04:09:56.7240833Z   GCLOUD_PROJECT: sanguo11
2026-09-28T04:09:56.7241387Z   GCP_PROJECT: sanguo11
2026-09-28T04:09:56.7241731Z   GOOGLE_CLOUD_PROJECT: sanguo11
2026-09-28T04:09:56.7242029Z ##[endgroup]
2026-09-28T04:09:56.7415653Z ##[group]Run actions/upload-artifact@v4
2026-09-28T04:09:56.7415956Z with:
2026-09-28T04:09:56.7416160Z   name: native-r15-physical
2026-09-28T04:09:56.7416479Z   path: out/firebase-preflight/
out/r15-physical/

2026-09-28T04:09:56.7416805Z   retention-days: 30
2026-09-28T04:09:56.7417040Z   if-no-files-found: warn
2026-09-28T04:09:56.7417285Z   compression-level: 6
2026-09-28T04:09:56.7417504Z   overwrite: false
2026-09-28T04:09:56.7417722Z   include-hidden-files: false
2026-09-28T04:09:56.7417960Z env:
2026-09-28T04:09:56.7418158Z   FIREBASE_PROJECT_ID: sanguo11
2026-09-28T04:09:56.7418710Z   CLOUDSDK_AUTH_CREDENTIAL_FILE_OVERRIDE: /home/runner/work/sanguo11-mobile/sanguo11-mobile/gha-creds-945d14e1aba214ea.json
2026-09-28T04:09:56.7419551Z   GOOGLE_APPLICATION_CREDENTIALS: /home/runner/work/sanguo11-mobile/sanguo11-mobile/gha-creds-945d14e1aba214ea.json
2026-09-28T04:09:56.7420338Z   GOOGLE_GHA_CREDS_PATH: /home/runner/work/sanguo11-mobile/sanguo11-mobile/gha-creds-945d14e1aba214ea.json
2026-09-28T04:09:56.7420864Z   CLOUDSDK_CORE_PROJECT: sanguo11
2026-09-28T04:09:56.7421422Z   CLOUDSDK_PROJECT: sanguo11
2026-09-28T04:09:56.7421678Z   GCLOUD_PROJECT: sanguo11
2026-09-28T04:09:56.7421911Z   GCP_PROJECT: sanguo11
2026-09-28T04:09:56.7422138Z   GOOGLE_CLOUD_PROJECT: sanguo11
2026-09-28T04:09:56.7422386Z ##[endgroup]
2026-09-28T04:09:56.9176117Z (node:2284) [DEP0040] DeprecationWarning: The `punycode` module is deprecated. Please use a userland alternative instead.
2026-09-28T04:09:56.9177024Z (Use `node --trace-deprecation ...` to show where the warning was created)
2026-09-28T04:09:56.9238142Z Multiple search paths detected. Calculating the least common ancestor of all paths
2026-09-28T04:09:56.9246763Z The least common ancestor is /home/runner/work/sanguo11-mobile/sanguo11-mobile/out. This will be the root directory of the artifact
2026-09-28T04:09:56.9253959Z ##[warning]No files were found with the provided path: out/firebase-preflight/
out/r15-physical/. No artifacts will be uploaded.
2026-09-28T04:09:56.9589639Z Post job cleanup.
2026-09-28T04:09:57.0532715Z Removed exported credentials at "/home/runner/work/sanguo11-mobile/sanguo11-mobile/gha-creds-945d14e1aba214ea.json".
2026-09-28T04:09:57.0758569Z Post job cleanup.
2026-09-28T04:09:57.1839978Z [command]/usr/bin/git version
2026-09-28T04:09:57.1899318Z git version 2.55.0
2026-09-28T04:09:57.1946989Z Temporarily overriding HOME='/home/runner/work/_temp/59de10dc-d856-4840-b289-9ac6d39395dc' before making global git config changes
2026-09-28T04:09:57.1949856Z Adding repository directory to the temporary git global config as a safe directory
2026-09-28T04:09:57.1953693Z [command]/usr/bin/git config --global --add safe.directory /home/runner/work/sanguo11-mobile/sanguo11-mobile
2026-09-28T04:09:57.2002487Z [command]/usr/bin/git config --local --name-only --get-regexp core\.sshCommand
2026-09-28T04:09:57.2082337Z [command]/usr/bin/git submodule foreach --recursive sh -c "git config --local --name-only --get-regexp 'core\.sshCommand' && git config --local --unset-all 'core.sshCommand' || :"
2026-09-28T04:09:57.2354340Z [command]/usr/bin/git config --local --name-only --get-regexp http\.https\:\/\/github\.com\/\.extraheader
2026-09-28T04:09:57.6531264Z http.https://github.com/.extraheader
2026-09-28T04:09:57.6549573Z [command]/usr/bin/git config --local --unset-all http.https://github.com/.extraheader
2026-09-28T04:09:57.6604508Z [command]/usr/bin/git submodule foreach --recursive sh -c "git config --local --name-only --get-regexp 'http\.https\:\/\/github\.com\/\.extraheader' && git config --local --unset-all 'http.https://github.com/.extraheader' || :"
2026-09-28T04:09:57.6888189Z [command]/usr/bin/git config --local --name-only --get-regexp ^includeIf\.gitdir:
2026-09-28T04:09:57.6937439Z [command]/usr/bin/git submodule foreach --recursive git config --local --show-origin --name-only --get-regexp remote.origin.url
2026-09-28T04:09:57.7397997Z Cleaning up orphan processes
2026-09-28T04:09:57.7738976Z ##[warning]Node.js 20 is deprecated. The following actions target Node.js 20 but are being forced to run on Node.js 24: actions/checkout@v4, actions/download-artifact@v4, actions/upload-artifact@v4. For more information see: https://github.blog/changelog/2025-09-19-deprecation-of-node-20-on-github-actions-runners/

