Note: Some input files use unchecked or unsafe operations.
Note: Recompile with -Xlint:unchecked for details.
PASS S04/S05 assets: 7462388 checks; 120 facility LOD assets; 26 rigs; forest local reuse 16/25
PASS S05 automatic departure/march/garrison/convoy in 8 turns, full SaveCodec equality
PASS S04/S05 flow: real legal port move, water/land asset transitions, 50/100 stress identities, real facility lifecycle and exact core equality
path staggered=false timberTriangles=87 soilTriangles=141
path staggered=true timberTriangles=87 soilTriangles=141
model=unit-SPEAR-lod0 triangles=748
model=unit-SPEAR-lod1 triangles=488
model=unit-HALBERD-lod0 triangles=804
model=unit-HALBERD-lod1 triangles=500
model=unit-CROSSBOW-lod0 triangles=773
model=unit-CROSSBOW-lod1 triangles=523
model=unit-CAVALRY-lod0 triangles=1283
model=unit-CAVALRY-lod1 triangles=943
model=unit-SWORD-lod0 triangles=807
model=unit-SWORD-lod1 triangles=503
model=unit-RAM-lod0 triangles=1042
model=unit-RAM-lod1 triangles=312
model=unit-SIEGE_TOWER-lod0 triangles=1720
model=unit-SIEGE_TOWER-lod1 triangles=414
model=unit-WOODEN_BEAST-lod0 triangles=1038
model=unit-WOODEN_BEAST-lod1 triangles=324
model=unit-CATAPULT-lod0 triangles=1170
model=unit-CATAPULT-lod1 triangles=330
model=unit-transport-lod0 triangles=1092
model=unit-transport-lod1 triangles=306
model=unit-BOAT-lod0 triangles=1146
model=unit-BOAT-lod1 triangles=217
model=unit-TOWER_SHIP-lod0 triangles=1706
model=unit-TOWER_SHIP-lod1 triangles=329
model=unit-WARSHIP-lod0 triangles=1708
model=unit-WARSHIP-lod1 triangles=331
national sites=87 swamp=5 plank=158 rough=161; DATA RESTORATION NOT CLAIMED
PASS FEEDBACK122 checks=22031762
