2026-09-29T00:01:35.0590241Z Current runner version: '2.337.0'
2026-09-29T00:01:35.0614619Z ##[group]Runner Image Provisioner
2026-09-29T00:01:35.0615414Z Hosted Compute Agent
2026-09-29T00:01:35.0615990Z Version: 20260828.587
2026-09-29T00:01:35.0616513Z Commit: abac92662cab4cc7352de4f9f9d2e2419aad9c29
2026-09-29T00:01:35.0617129Z Build Date: 2026-08-28T16:44:25Z
2026-09-29T00:01:35.0617731Z Worker ID: {d69ee169-8414-4a79-9cb2-60215964e18c}
2026-09-29T00:01:35.0618314Z Azure Region: westcentralus
2026-09-29T00:01:35.0618870Z ##[endgroup]
2026-09-29T00:01:35.0620494Z ##[group]Operating System
2026-09-29T00:01:35.0621069Z Ubuntu
2026-09-29T00:01:35.0621621Z 24.04.5
2026-09-29T00:01:35.0622049Z LTS
2026-09-29T00:01:35.0622540Z ##[endgroup]
2026-09-29T00:01:35.0622995Z ##[group]Runner Image
2026-09-29T00:01:35.0623464Z Image: ubuntu-24.04
2026-09-29T00:01:35.0624409Z Version: 20260920.314.1
2026-09-29T00:01:35.0625527Z Included Software: https://github.com/actions/runner-images/blob/ubuntu24/20260920.314/images/ubuntu/Ubuntu2404-Readme.md
2026-09-29T00:01:35.0626808Z Image Release: https://github.com/actions/runner-images/releases/tag/ubuntu24%2F20260920.314
2026-09-29T00:01:35.0627589Z ##[endgroup]
2026-09-29T00:01:35.0628588Z ##[group]GITHUB_TOKEN Permissions
2026-09-29T00:01:35.0630917Z Contents: read
2026-09-29T00:01:35.0631507Z Metadata: read
2026-09-29T00:01:35.0631970Z ##[endgroup]
2026-09-29T00:01:35.0633990Z Secret source: Actions
2026-09-29T00:01:35.0634802Z Cache mode: write
2026-09-29T00:01:35.0635436Z Prepare workflow directory
2026-09-29T00:01:35.1124113Z Prepare all required actions
2026-09-29T00:01:35.1168688Z Getting action download info
2026-09-29T00:01:35.4186693Z Download action repository 'actions/checkout@v4' (SHA:11d5960a326750d5838078e36cf38b85af677262)
2026-09-29T00:01:35.6424922Z Download action repository 'google-github-actions/auth@v3' (SHA:7c6bc770dae815cd3e89ee6cdf493a5fab2cc093)
2026-09-29T00:01:36.0816524Z Download action repository 'google-github-actions/setup-gcloud@v3' (SHA:aa5489c8933f4cc7a4f7d45035b3b1440c9c10db)
2026-09-29T00:01:36.6138275Z Download action repository 'actions/upload-artifact@v4' (SHA:ea165f8d65b6e75b540449e92b4886f43607fa02)
2026-09-29T00:01:36.8757825Z Complete job name: physical_access
2026-09-29T00:01:36.9337444Z ##[group]Run actions/checkout@v4
2026-09-29T00:01:36.9338046Z with:
2026-09-29T00:01:36.9338358Z   ref: 23103d9278d9898316ec212113a68abeb94c73fc
2026-09-29T00:01:36.9338745Z   repository: zjjxwpstcnsm-gif/sanguo11-mobile
2026-09-29T00:01:36.9341474Z   token: ***
2026-09-29T00:01:36.9341755Z   ssh-strict: true
2026-09-29T00:01:36.9342047Z   ssh-user: git
2026-09-29T00:01:36.9342335Z   persist-credentials: true
2026-09-29T00:01:36.9342630Z   clean: true
2026-09-29T00:01:36.9342918Z   sparse-checkout-cone-mode: true
2026-09-29T00:01:36.9343245Z   fetch-depth: 1
2026-09-29T00:01:36.9343520Z   fetch-tags: false
2026-09-29T00:01:36.9343807Z   show-progress: true
2026-09-29T00:01:36.9344079Z   lfs: false
2026-09-29T00:01:36.9344343Z   submodules: false
2026-09-29T00:01:36.9344617Z   set-safe-directory: true
2026-09-29T00:01:36.9344966Z   allow-unsafe-pr-checkout: false
2026-09-29T00:01:36.9345468Z env:
2026-09-29T00:01:36.9345742Z   FIREBASE_PROJECT_ID: sanguo11
2026-09-29T00:01:36.9346083Z ##[endgroup]
2026-09-29T00:01:37.0216055Z Syncing repository: zjjxwpstcnsm-gif/sanguo11-mobile
2026-09-29T00:01:37.0218129Z ##[group]Getting Git version info
2026-09-29T00:01:37.0218837Z Working directory is '/home/runner/work/sanguo11-mobile/sanguo11-mobile'
2026-09-29T00:01:37.0220215Z [command]/usr/bin/git version
2026-09-29T00:01:37.0262186Z git version 2.55.0
2026-09-29T00:01:37.0298514Z ##[endgroup]
2026-09-29T00:01:37.0330714Z Temporarily overriding HOME='/home/runner/work/_temp/6b8788b2-3030-41e3-a773-fd239940a288' before making global git config changes
2026-09-29T00:01:37.0332678Z Adding repository directory to the temporary git global config as a safe directory
2026-09-29T00:01:37.0353306Z [command]/usr/bin/git config --global --add safe.directory /home/runner/work/sanguo11-mobile/sanguo11-mobile
2026-09-29T00:01:37.0414526Z Deleting the contents of '/home/runner/work/sanguo11-mobile/sanguo11-mobile'
2026-09-29T00:01:37.0415856Z ##[group]Initializing the repository
2026-09-29T00:01:37.0416753Z [command]/usr/bin/git init /home/runner/work/sanguo11-mobile/sanguo11-mobile
2026-09-29T00:01:37.0501804Z hint: Using 'master' as the name for the initial branch. This default branch name
2026-09-29T00:01:37.0503317Z hint: will change to "main" in Git 3.0. To configure the initial branch name
2026-09-29T00:01:37.0504365Z hint: to use in all of your new repositories, which will suppress this warning,
2026-09-29T00:01:37.0505240Z hint: call:
2026-09-29T00:01:37.0505988Z hint:
2026-09-29T00:01:37.0506539Z hint: 	git config --global init.defaultBranch <name>
2026-09-29T00:01:37.0507039Z hint:
2026-09-29T00:01:37.0507550Z hint: Names commonly chosen instead of 'master' are 'main', 'trunk' and
2026-09-29T00:01:37.0508327Z hint: 'development'. The just-created branch can be renamed via this command:
2026-09-29T00:01:37.0508995Z hint:
2026-09-29T00:01:37.0509372Z hint: 	git branch -m <name>
2026-09-29T00:01:37.0509771Z hint:
2026-09-29T00:01:37.0510515Z hint: Disable this message with "git config set advice.defaultBranchName false"
2026-09-29T00:01:37.0511666Z Initialized empty Git repository in /home/runner/work/sanguo11-mobile/sanguo11-mobile/.git/
2026-09-29T00:01:37.0513218Z [command]/usr/bin/git remote add origin https://github.com/zjjxwpstcnsm-gif/sanguo11-mobile
2026-09-29T00:01:37.2593419Z ##[endgroup]
2026-09-29T00:01:37.2593996Z ##[group]Disabling automatic garbage collection
2026-09-29T00:01:37.2596801Z [command]/usr/bin/git config --local gc.auto 0
2026-09-29T00:01:37.2631147Z ##[endgroup]
2026-09-29T00:01:37.2631650Z ##[group]Setting up auth
2026-09-29T00:01:37.2637197Z [command]/usr/bin/git config --local --name-only --get-regexp core\.sshCommand
2026-09-29T00:01:37.2669849Z [command]/usr/bin/git submodule foreach --recursive sh -c "git config --local --name-only --get-regexp 'core\.sshCommand' && git config --local --unset-all 'core.sshCommand' || :"
2026-09-29T00:01:37.4530253Z [command]/usr/bin/git config --local --name-only --get-regexp http\.https\:\/\/github\.com\/\.extraheader
2026-09-29T00:01:37.4567339Z [command]/usr/bin/git submodule foreach --recursive sh -c "git config --local --name-only --get-regexp 'http\.https\:\/\/github\.com\/\.extraheader' && git config --local --unset-all 'http.https://github.com/.extraheader' || :"
2026-09-29T00:01:37.4780546Z [command]/usr/bin/git config --local --name-only --get-regexp ^includeIf\.gitdir:
2026-09-29T00:01:37.4817850Z [command]/usr/bin/git submodule foreach --recursive git config --local --show-origin --name-only --get-regexp remote.origin.url
2026-09-29T00:01:37.5039733Z [command]/usr/bin/git config --local http.https://github.com/.extraheader AUTHORIZATION: basic ***
2026-09-29T00:01:37.5091328Z ##[endgroup]
2026-09-29T00:01:37.5092022Z ##[group]Fetching the repository
2026-09-29T00:01:37.5102510Z [command]/usr/bin/git -c protocol.version=2 fetch --no-tags --prune --no-recurse-submodules --depth=1 origin 23103d9278d9898316ec212113a68abeb94c73fc
2026-09-29T00:01:40.3625465Z From https://github.com/zjjxwpstcnsm-gif/sanguo11-mobile
2026-09-29T00:01:40.3626222Z  * branch            23103d9278d9898316ec212113a68abeb94c73fc -> FETCH_HEAD
2026-09-29T00:01:40.3628925Z ##[endgroup]
2026-09-29T00:01:40.3629532Z ##[group]Determining the checkout info
2026-09-29T00:01:40.3631114Z ##[endgroup]
2026-09-29T00:01:40.3637276Z [command]/usr/bin/git sparse-checkout disable
2026-09-29T00:01:40.3695544Z [command]/usr/bin/git config --local --unset-all extensions.worktreeConfig
2026-09-29T00:01:40.3743142Z ##[group]Checking out the ref
2026-09-29T00:01:40.3743775Z [command]/usr/bin/git checkout --progress --force 23103d9278d9898316ec212113a68abeb94c73fc
2026-09-29T00:01:40.5770226Z Note: switching to '23103d9278d9898316ec212113a68abeb94c73fc'.
2026-09-29T00:01:40.5770555Z 
2026-09-29T00:01:40.5770810Z You are in 'detached HEAD' state. You can look around, make experimental
2026-09-29T00:01:40.5771952Z changes and commit them, and you can discard any commits you make in this
2026-09-29T00:01:40.5772430Z state without impacting any branches by switching back to a branch.
2026-09-29T00:01:40.5772722Z 
2026-09-29T00:01:40.5773113Z If you want to create a new branch to retain commits you create, you may
2026-09-29T00:01:40.5773682Z do so (now or later) by using -c with the switch command. Example:
2026-09-29T00:01:40.5774010Z 
2026-09-29T00:01:40.5774140Z   git switch -c <new-branch-name>
2026-09-29T00:01:40.5774363Z 
2026-09-29T00:01:40.5774507Z Or undo this operation with:
2026-09-29T00:01:40.5774717Z 
2026-09-29T00:01:40.5774823Z   git switch -
2026-09-29T00:01:40.5774988Z 
2026-09-29T00:01:40.5775264Z Turn off this advice by setting config variable advice.detachedHead to false
2026-09-29T00:01:40.5775649Z 
2026-09-29T00:01:40.5775980Z HEAD is now at 23103d9 test: keep historical forest control isolated and preserve script mode
2026-09-29T00:01:40.5796826Z ##[endgroup]
2026-09-29T00:01:40.5841120Z [command]/usr/bin/git log -1 --format=%H
2026-09-29T00:01:40.5869062Z 23103d9278d9898316ec212113a68abeb94c73fc
2026-09-29T00:01:40.6166159Z ##[group]Run google-github-actions/auth@v3
2026-09-29T00:01:40.6166428Z with:
2026-09-29T00:01:40.6166608Z   project_id: sanguo11
2026-09-29T00:01:40.6167033Z   workload_identity_provider: projects/322962089013/locations/global/workloadIdentityPools/github-test-lab/providers/sanguo
2026-09-29T00:01:40.6167574Z   service_account: github-test-lab@sanguo11.iam.gserviceaccount.com
2026-09-29T00:01:40.6167868Z   create_credentials_file: true
2026-09-29T00:01:40.6168083Z   export_environment_variables: true
2026-09-29T00:01:40.6168339Z   universe: googleapis.com
2026-09-29T00:01:40.6168537Z   cleanup_credentials: true
2026-09-29T00:01:40.6168736Z   access_token_lifetime: 3600s
2026-09-29T00:01:40.6169046Z   access_token_scopes: https://www.googleapis.com/auth/cloud-platform
2026-09-29T00:01:40.6169351Z   id_token_include_email: false
2026-09-29T00:01:40.6169543Z env:
2026-09-29T00:01:40.6169732Z   FIREBASE_PROJECT_ID: sanguo11
2026-09-29T00:01:40.6170128Z ##[endgroup]
2026-09-29T00:01:40.8914070Z Created credentials file at "/home/runner/work/sanguo11-mobile/sanguo11-mobile/gha-creds-02cf9b6f19a4450b.json"
2026-09-29T00:01:40.9941490Z ##[error]google-github-actions/auth failed with: failed to generate Google Cloud federated token for //iam.googleapis.com/projects/322962089013/locations/global/workloadIdentityPools/github-test-lab/providers/sanguo: {"error":"unauthorized_client","error_description":"The given credential is rejected by the attribute condition."}
2026-09-29T00:01:41.0054943Z ##[group]Run actions/upload-artifact@v4
2026-09-29T00:01:41.0055184Z with:
2026-09-29T00:01:41.0055380Z   name: native-feedback118-physical-access
2026-09-29T00:01:41.0055627Z   path: out/firebase-preflight/
2026-09-29T00:01:41.0055835Z   retention-days: 30
2026-09-29T00:01:41.0056018Z   if-no-files-found: warn
2026-09-29T00:01:41.0056206Z   compression-level: 6
2026-09-29T00:01:41.0056408Z   overwrite: false
2026-09-29T00:01:41.0056594Z   include-hidden-files: false
2026-09-29T00:01:41.0056786Z env:
2026-09-29T00:01:41.0056945Z   FIREBASE_PROJECT_ID: sanguo11
2026-09-29T00:01:41.0057367Z   CLOUDSDK_AUTH_CREDENTIAL_FILE_OVERRIDE: /home/runner/work/sanguo11-mobile/sanguo11-mobile/gha-creds-02cf9b6f19a4450b.json
2026-09-29T00:01:41.0057993Z   GOOGLE_APPLICATION_CREDENTIALS: /home/runner/work/sanguo11-mobile/sanguo11-mobile/gha-creds-02cf9b6f19a4450b.json
2026-09-29T00:01:41.0058598Z   GOOGLE_GHA_CREDS_PATH: /home/runner/work/sanguo11-mobile/sanguo11-mobile/gha-creds-02cf9b6f19a4450b.json
2026-09-29T00:01:41.0058982Z   CLOUDSDK_CORE_PROJECT: sanguo11
2026-09-29T00:01:41.0059192Z   CLOUDSDK_PROJECT: sanguo11
2026-09-29T00:01:41.0059387Z   GCLOUD_PROJECT: sanguo11
2026-09-29T00:01:41.0059586Z   GCP_PROJECT: sanguo11
2026-09-29T00:01:41.0059773Z   GOOGLE_CLOUD_PROJECT: sanguo11
2026-09-29T00:01:41.0060193Z ##[endgroup]
2026-09-29T00:01:41.1439823Z (node:2101) [DEP0040] DeprecationWarning: The `punycode` module is deprecated. Please use a userland alternative instead.
2026-09-29T00:01:41.1441300Z (Use `node --trace-deprecation ...` to show where the warning was created)
2026-09-29T00:01:41.1455942Z ##[warning]No files were found with the provided path: out/firebase-preflight/. No artifacts will be uploaded.
2026-09-29T00:01:41.1723591Z Post job cleanup.
2026-09-29T00:01:41.2502523Z Removed exported credentials at "/home/runner/work/sanguo11-mobile/sanguo11-mobile/gha-creds-02cf9b6f19a4450b.json".
2026-09-29T00:01:41.2681955Z Post job cleanup.
2026-09-29T00:01:41.3438229Z [command]/usr/bin/git version
2026-09-29T00:01:41.3477805Z git version 2.55.0
2026-09-29T00:01:41.3511288Z Temporarily overriding HOME='/home/runner/work/_temp/5bd57dad-d829-44a0-881d-e2494963d316' before making global git config changes
2026-09-29T00:01:41.3512439Z Adding repository directory to the temporary git global config as a safe directory
2026-09-29T00:01:41.3516113Z [command]/usr/bin/git config --global --add safe.directory /home/runner/work/sanguo11-mobile/sanguo11-mobile
2026-09-29T00:01:41.3559346Z [command]/usr/bin/git config --local --name-only --get-regexp core\.sshCommand
2026-09-29T00:01:41.3600709Z [command]/usr/bin/git submodule foreach --recursive sh -c "git config --local --name-only --get-regexp 'core\.sshCommand' && git config --local --unset-all 'core.sshCommand' || :"
2026-09-29T00:01:41.3851981Z [command]/usr/bin/git config --local --name-only --get-regexp http\.https\:\/\/github\.com\/\.extraheader
2026-09-29T00:01:41.3901508Z http.https://github.com/.extraheader
2026-09-29T00:01:41.3903545Z [command]/usr/bin/git config --local --unset-all http.https://github.com/.extraheader
2026-09-29T00:01:41.3943138Z [command]/usr/bin/git submodule foreach --recursive sh -c "git config --local --name-only --get-regexp 'http\.https\:\/\/github\.com\/\.extraheader' && git config --local --unset-all 'http.https://github.com/.extraheader' || :"
2026-09-29T00:01:41.4191827Z [command]/usr/bin/git config --local --name-only --get-regexp ^includeIf\.gitdir:
2026-09-29T00:01:41.4235370Z [command]/usr/bin/git submodule foreach --recursive git config --local --show-origin --name-only --get-regexp remote.origin.url
2026-09-29T00:01:41.4599079Z Cleaning up orphan processes
2026-09-29T00:01:41.4872631Z ##[warning]Node.js 20 is deprecated. The following actions target Node.js 20 but are being forced to run on Node.js 24: actions/checkout@v4, actions/upload-artifact@v4. For more information see: https://github.blog/changelog/2025-09-19-deprecation-of-node-20-on-github-actions-runners/

