PASS PC text opening=coalition-190 source=Media/scenario/Scen000.s11 attached=652
PASS PC text opening=coalition-190 source=Media/scenario/SCEN001.S11 attached=652
PASS PC text opening=coalition-190 source=Media/scenario/SCEN002.S11 attached=652
PASS PC text opening=coalition-190 source=Media/scenario/SCEN003.S11 attached=652
PASS PC text opening=coalition-190 source=Media/scenario/SCEN004.S11 attached=652
PASS PC text opening=coalition-190 source=Media/scenario/SCEN005.S11 attached=652
PASS PC text opening=coalition-190 source=Media/scenario/SCEN006.S11 attached=652
PASS PC text opening=coalition-190 source=Media/scenario/SCEN007.S11 attached=652
PASS PC text opening=coalition-190 source=Media/scenario/Scen008.s11 attached=652
PASS PC text opening=coalition-190 source=Media/scenario/Scen009.s11 attached=652
PASS PC text opening=coalition-190 source=Media/scenario/Scen010.s11 attached=652
PASS PC text opening=coalition-190 source=Media/scenario/Scen011.s11 attached=652
PASS PC text opening=coalition-190 source=Media/scenario/Scen012.s11 attached=652
PASS PC text opening=coalition-190 source=Media/scenario/Scen013.s11 attached=652
PASS PC text opening=coalition-190 source=Media/scenario/Scen014.S11 attached=652
PASS PC text opening=coalition-190 source=Media/scenario/Scen015.s11 attached=652
PASS PC text opening=huangjin-184 source=Media/scenario/Scen000.s11 attached=666
PASS PC text opening=warlords-194 source=Media/scenario/Scen000.s11 attached=619
PASS PC text opening=guandu-200 source=Media/scenario/Scen000.s11 attached=565
PASS PC text opening=chibi-207 source=Media/scenario/Scen000.s11 attached=520
PASS PC text opening=heroes-250 source=Media/scenario/Scen000.s11 attached=666
PASS PC text opening=heroes-mobile-sandbox source=Media/scenario/Scen000.s11 attached=666
PASS PC text opening=central-mobile-sandbox source=Media/scenario/Scen000.s11 attached=180
PASS PC text opening=jingxiang-mobile-sandbox source=Media/scenario/Scen000.s11 attached=120
PASS PcOfficerInfoTest checks=110066 explicit sources, unchanged numerical state, actual patrol/three turns/save/reopen/full RNG, unknowns; complete PC scenario restoration remains pending
